
HP@LAPTOP-CLV2S3BG MINGW64 ~ (master)
$ cd Assignments

HP@LAPTOP-CLV2S3BG MINGW64 ~/Assignments (master)
$ git checkout css-assignments
error: Your local changes to the following files would be overwritten by checkout:
        Assignments/README.txt
Please commit your changes or stash them before you switch branches.
Aborting

HP@LAPTOP-CLV2S3BG MINGW64 ~/Assignments (master)
$ git branch -d css-assignments
error: The branch 'css-assignments' is not fully merged.
If you are sure you want to delete it, run 'git branch -D css-assignments'.

HP@LAPTOP-CLV2S3BG MINGW64 ~/Assignments (master)
$ git branch -D css-assignments
Deleted branch css-assignments (was 82fb993).

HP@LAPTOP-CLV2S3BG MINGW64 ~/Assignments (master)
$ git branch css-assignments

HP@LAPTOP-CLV2S3BG MINGW64 ~/Assignments (master)
$ git status
warning: could not open directory 'Application Data/': Permission denied
warning: could not open directory 'Cookies/': Permission denied
warning: could not open directory 'Documents/My Music/': Permission denied
warning: could not open directory 'Documents/My Pictures/': Permission denied
warning: could not open directory 'Documents/My Videos/': Permission denied
warning: could not open directory 'Local Settings/': Permission denied
warning: could not open directory 'My Documents/': Permission denied
warning: could not open directory 'NetHood/': Permission denied
warning: could not open directory 'PrintHood/': Permission denied
warning: could not open directory 'Recent/': Permission denied
warning: could not open directory 'SendTo/': Permission denied
warning: could not open directory 'Start Menu/': Permission denied
warning: could not open directory 'Templates/': Permission denied
On branch master
Changes to be committed:
  (use "git restore --staged <file>..." to unstage)
        modified:   README.txt

Changes not staged for commit:
  (use "git add/rm <file>..." to update what will be committed)
  (use "git restore <file>..." to discard changes in working directory)
        deleted:    README.txt

Untracked files:
  (use "git add <file>..." to include in what will be committed)
        ../.bash_history
        ../.gitconfig
        ../.idlerc/
        ../3D Objects/
        ../AppData/
        CSS/
        ../Contacts/
        ../Downloads/
        ../Favorites/
        ../Links/
        ../MicrosoftEdgeBackups/
        ../Music/
        ../NPProt.bkp
        ../NPProt.exe
        ../NTUSER.DAT
        ../NTUSER.DAT{844f59c7-51bb-11eb-8181-eef913a3f38a}.TM.blf
        ../NTUSER.DAT{844f59c7-51bb-11eb-8181-eef913a3f38a}.TMContainer00000000000000000001.regtrans-ms
        ../NTUSER.DAT{844f59c7-51bb-11eb-8181-eef913a3f38a}.TMContainer00000000000000000002.regtrans-ms
        ../OneDrive/
        ../PycharmProjects/
        ../Saved Games/
        ../Searches/
        ../Section_1.rtf
        ../Videos/
        ../ntuser.dat.LOG1
        ../ntuser.dat.LOG2
        ../ntuser.ini
        ../project_dir/


HP@LAPTOP-CLV2S3BG MINGW64 ~/Assignments (master)
$ nano font.css

HP@LAPTOP-CLV2S3BG MINGW64 ~/Assignments (master)
$ git add font.css
warning: LF will be replaced by CRLF in Assignments/font.css.
The file will have its original line endings in your working directory

HP@LAPTOP-CLV2S3BG MINGW64 ~/Assignments (master)
$ git commit -m "file added"
[master 496624c] file added
 2 files changed, 7 insertions(+), 1 deletion(-)
 create mode 100644 Assignments/font.css

HP@LAPTOP-CLV2S3BG MINGW64 ~/Assignments (master)
$ nano README.txt

HP@LAPTOP-CLV2S3BG MINGW64 ~/Assignments (master)
$ git add README.txt
warning: LF will be replaced by CRLF in Assignments/README.txt.
The file will have its original line endings in your working directory

HP@LAPTOP-CLV2S3BG MINGW64 ~/Assignments (master)
$ git commit -m "css file added"
[master 84b9f41] css file added
 1 file changed, 1 insertion(+), 3 deletions(-)

HP@LAPTOP-CLV2S3BG MINGW64 ~/Assignments (master)
$ nano README.txt

HP@LAPTOP-CLV2S3BG MINGW64 ~/Assignments (master)
$ git add README.txt
warning: LF will be replaced by CRLF in Assignments/README.txt.
The file will have its original line endings in your working directory

HP@LAPTOP-CLV2S3BG MINGW64 ~/Assignments (master)
$ git commit -m " css modified"
[master a54cfd5]  css modified
 1 file changed, 1 insertion(+), 1 deletion(-)

HP@LAPTOP-CLV2S3BG MINGW64 ~/Assignments (master)
$ git branch css-assignments
fatal: A branch named 'css-assignments' already exists.

HP@LAPTOP-CLV2S3BG MINGW64 ~/Assignments (master)
$ git checkout css-assignments
Switched to branch 'css-assignments'

HP@LAPTOP-CLV2S3BG MINGW64 ~/Assignments (css-assignments)
$ nano font1.css

HP@LAPTOP-CLV2S3BG MINGW64 ~/Assignments (css-assignments)
$ git add font1.css
warning: LF will be replaced by CRLF in Assignments/font1.css.
The file will have its original line endings in your working directory

HP@LAPTOP-CLV2S3BG MINGW64 ~/Assignments (css-assignments)
$ git commit -m "Added changes"
[css-assignments 34aed5a] Added changes
 1 file changed, 2 insertions(+)
 create mode 100644 Assignments/font1.css

HP@LAPTOP-CLV2S3BG MINGW64 ~/Assignments (css-assignments)
$ git checkout master
Switched to branch 'master'

HP@LAPTOP-CLV2S3BG MINGW64 ~/Assignments (master)
$ git merg css-assignments
git: 'merg' is not a git command. See 'git --help'.

The most similar commands are
        merge
        grep
        mktree

HP@LAPTOP-CLV2S3BG MINGW64 ~/Assignments (master)
$ git merge css-assignments
Merge made by the 'recursive' strategy.
 Assignments/font1.css | 2 ++
 1 file changed, 2 insertions(+)
 create mode 100644 Assignments/font1.css

HP@LAPTOP-CLV2S3BG MINGW64 ~/Assignments (master) 
$ git nbranch -d css-assignments
Deleted branch css-assignments (34aed5a)
